exports[`<ArticleArchive /> should render with default props 1`] = `
<Apollo(ArticleArchive)
  actions={
    Object {
      "setTag": [Function anonymous]
    }
  }
  articles={
    Array [
      Object {
        "content": "Diagnostic related group HIPAA accreditation",
        "created_at": "2016-09-30T02:39:57.352Z",
        "feature_image": "https://robohash.org/sapienteeaoptio.png?size=300x300",
        "featured": false,
        "id": 4,
        "slug": "current-procedural-terminology-benefit-impaired-risk",
        "spotlighted": false,
        "status": "published",
        "title": "Current procedural terminology Benefit Impaired risk",
        "updated_at": "2016-09-30T02:39:57.352Z",
        "user": Object {
          "avatar": "https://avatars3.githubusercontent.com/u/13679375?v=3&s=466",
          "bio": "Hello world",
          "created_at": "2016-09-30T02:39:57.297Z",
          "email": "andreas@gmail.com",
          "id": 3,
          "name": "Andreas Daimainger",
          "role": "user",
          "updated_at": "2016-10-03T18:49:42.965Z"
        }
      }
    ]
  }
  loadingArticles={true}
  selectedTag={null}
  store={
    Object {
      "clearActions": [Function clearActions],
      "dispatch": [Function anonymous],
      "getActions": [Function getActions],
      "getState": [Function getState],
      "replaceReducer": [Function replaceReducer],
      "subscribe": [Function subscribe]
    }
  } />
`;
