exports[`<FeedbackPreview /> should render with default props 1`] = `
<Layer
  align="center"
  closer={true}
  hidden={true} />
`;
