exports[`<LoadingIndicator /> should render with default props 1`] = `
<Box
  align="center"
  announce={false}
  direction="column"
  focusable={true}
  justify="center"
  pad="none"
  responsive={true}
  tag="div">
  <Box
    align="center"
    announce={false}
    direction="column"
    focusable={true}
    justify="center"
    pad="none"
    responsive={true}
    tag="div">
    <Spinning />
    <Heading
      align="center"
      style={
        Object {
          "maxWidth": 200
        }
      }
      tag="h3">
      Contemplating banana bread recipes...
    </Heading>
  </Box>
</Box>
`;
