exports[`<AppNavigation /> should render with default props 1`] = `
<div>
  <Navbar />
</div>
`;
