exports[`<Author /> should render with default props 1`] = `<div />`;
